Archive member included because of file (symbol)

/usr/lib/gcc/avr/4.7.0/avr5/libgcc.a(_usmulhisi3.o)
                              main.o (__usmulhisi3)
/usr/lib/gcc/avr/4.7.0/avr5/libgcc.a(_divmodsi4.o)
                              main.o (__divmodsi4)
/usr/lib/gcc/avr/4.7.0/avr5/libgcc.a(_exit.o)
                              /usr/lib/gcc/avr/4.7.0/../../../avr/lib/avr5/crtm32u4.o (exit)
/usr/lib/gcc/avr/4.7.0/avr5/libgcc.a(_copy_data.o)
                              usbSerial.o (__do_copy_data)
/usr/lib/gcc/avr/4.7.0/avr5/libgcc.a(_clear_bss.o)
                              usbSerial.o (__do_clear_bss)
/usr/lib/gcc/avr/4.7.0/avr5/libgcc.a(_umulhisi3.o)
                              /usr/lib/gcc/avr/4.7.0/avr5/libgcc.a(_usmulhisi3.o) (__umulhisi3)
/usr/lib/gcc/avr/4.7.0/avr5/libgcc.a(_udivmodsi4.o)
                              /usr/lib/gcc/avr/4.7.0/avr5/libgcc.a(_divmodsi4.o) (__udivmodsi4)
/usr/lib/gcc/avr/4.7.0/../../../avr/lib/avr5/libc.a(memcpy_P.o)
                              ../LUFA/Drivers/USB/Class/Device/RNDISClassDevice.o (memcpy_P)
/usr/lib/gcc/avr/4.7.0/../../../avr/lib/avr5/libc.a(memcmp.o)
                              ../LUFA/Drivers/USB/Class/Device/HIDClassDevice.o (memcmp)
/usr/lib/gcc/avr/4.7.0/../../../avr/lib/avr5/libc.a(memcpy.o)
                              ../LUFA/Drivers/USB/Class/Device/HIDClassDevice.o (memcpy)
/usr/lib/gcc/avr/4.7.0/../../../avr/lib/avr5/libc.a(memset.o)
                              ../LUFA/Drivers/USB/Class/Device/HIDClassDevice.o (memset)
/usr/lib/gcc/avr/4.7.0/../../../avr/lib/avr5/libc.a(iob.o)
                              usbSerial.o (__iob)
/usr/lib/gcc/avr/4.7.0/../../../avr/lib/avr5/libc.a(printf.o)
                              main.o (printf)
/usr/lib/gcc/avr/4.7.0/../../../avr/lib/avr5/libc.a(vfprintf_std.o)
                              /usr/lib/gcc/avr/4.7.0/../../../avr/lib/avr5/libc.a(printf.o) (vfprintf)
/usr/lib/gcc/avr/4.7.0/../../../avr/lib/avr5/libc.a(eerd_byte_atmega32u4.o)
                              ../LUFA/Drivers/USB/Core/AVR8/EndpointStream_AVR8.o (__eerd_byte_m32u4)
/usr/lib/gcc/avr/4.7.0/../../../avr/lib/avr5/libc.a(eeupd_byte_atmega32u4.o)
                              ../LUFA/Drivers/USB/Core/AVR8/EndpointStream_AVR8.o (__eeupd_byte_m32u4)
/usr/lib/gcc/avr/4.7.0/../../../avr/lib/avr5/libc.a(strnlen_P.o)
                              /usr/lib/gcc/avr/4.7.0/../../../avr/lib/avr5/libc.a(vfprintf_std.o) (strnlen_P)
/usr/lib/gcc/avr/4.7.0/../../../avr/lib/avr5/libc.a(strnlen.o)
                              /usr/lib/gcc/avr/4.7.0/../../../avr/lib/avr5/libc.a(vfprintf_std.o) (strnlen)
/usr/lib/gcc/avr/4.7.0/../../../avr/lib/avr5/libc.a(fputc.o)
                              /usr/lib/gcc/avr/4.7.0/../../../avr/lib/avr5/libc.a(vfprintf_std.o) (fputc)
/usr/lib/gcc/avr/4.7.0/../../../avr/lib/avr5/libc.a(ultoa_invert.o)
                              /usr/lib/gcc/avr/4.7.0/../../../avr/lib/avr5/libc.a(vfprintf_std.o) (__ultoa_invert)
/usr/lib/gcc/avr/4.7.0/avr5/libgcc.a(_prologue.o)
                              /usr/lib/gcc/avr/4.7.0/../../../avr/lib/avr5/libc.a(printf.o) (__prologue_saves__)
/usr/lib/gcc/avr/4.7.0/avr5/libgcc.a(_epilogue.o)
                              /usr/lib/gcc/avr/4.7.0/../../../avr/lib/avr5/libc.a(printf.o) (__epilogue_restores__)

Allocating common symbols
Common symbol       size              file

USB_IsInitialized   0x1               ../LUFA/Drivers/USB/Core/USBTask.o
USB_DeviceState     0x1               ../LUFA/Drivers/USB/Core/USBTask.o
USB_Device_ConfigurationNumber
                    0x1               ../LUFA/Drivers/USB/Core/DeviceStandardReq.o
USB_Device_CurrentlySelfPowered
                    0x1               ../LUFA/Drivers/USB/Core/DeviceStandardReq.o
USB_ControlRequest  0x8               ../LUFA/Drivers/USB/Core/USBTask.o
USB_Device_RemoteWakeupEnabled
                    0x1               ../LUFA/Drivers/USB/Core/DeviceStandardReq.o
__iob               0x6               /usr/lib/gcc/avr/4.7.0/../../../avr/lib/avr5/libc.a(iob.o)

Discarded input sections

 .data          0x0000000000000000        0x0 /usr/lib/gcc/avr/4.7.0/../../../avr/lib/avr5/crtm32u4.o
 .bss           0x0000000000000000        0x0 /usr/lib/gcc/avr/4.7.0/../../../avr/lib/avr5/crtm32u4.o
 .text          0x0000000000000000        0x0 usbSerial.o
 .text          0x0000000000000000        0x0 Descriptors.o
 .data          0x0000000000000000        0x0 Descriptors.o
 .bss           0x0000000000000000        0x0 Descriptors.o
 .text          0x0000000000000000        0x0 ../LUFA/Drivers/USB/Core/AVR8/Device_AVR8.o
 .data          0x0000000000000000        0x0 ../LUFA/Drivers/USB/Core/AVR8/Device_AVR8.o
 .bss           0x0000000000000000        0x0 ../LUFA/Drivers/USB/Core/AVR8/Device_AVR8.o
 .text.USB_Device_SendRemoteWakeup
                0x0000000000000000       0x2c ../LUFA/Drivers/USB/Core/AVR8/Device_AVR8.o
 .text          0x0000000000000000        0x0 ../LUFA/Drivers/USB/Core/AVR8/Endpoint_AVR8.o
[...]
Memory Configuration

Name             Origin             Length             Attributes
text             0x0000000000000000 0x0000000000020000 xr
data             0x0000000000800060 0x000000000000ffa0 rw !x
eeprom           0x0000000000810000 0x0000000000010000 rw !x
fuse             0x0000000000820000 0x0000000000000400 rw !x
lock             0x0000000000830000 0x0000000000000400 rw !x
signature        0x0000000000840000 0x0000000000000400 rw !x
*default*        0x0000000000000000 0xffffffffffffffff

Linker script and memory map

Address of section .data set to 0x800100
LOAD /usr/lib/gcc/avr/4.7.0/../../../avr/lib/avr5/crtm32u4.o
LOAD usbSerial.o
LOAD Descriptors.o
LOAD ../LUFA/Drivers/USB/Core/AVR8/Device_AVR8.o
LOAD ../LUFA/Drivers/USB/Core/AVR8/Endpoint_AVR8.o
LOAD ../LUFA/Drivers/USB/Core/AVR8/Host_AVR8.o
LOAD ../LUFA/Drivers/USB/Core/AVR8/Pipe_AVR8.o
LOAD ../LUFA/Drivers/USB/Core/AVR8/USBController_AVR8.o
LOAD ../LUFA/Drivers/USB/Core/AVR8/USBInterrupt_AVR8.o
LOAD ../LUFA/Drivers/USB/Core/AVR8/EndpointStream_AVR8.o
LOAD ../LUFA/Drivers/USB/Core/AVR8/PipeStream_AVR8.o
LOAD ../LUFA/Drivers/USB/Core/ConfigDescriptor.o
LOAD ../LUFA/Drivers/USB/Core/DeviceStandardReq.o
LOAD ../LUFA/Drivers/USB/Core/Events.o
LOAD ../LUFA/Drivers/USB/Core/HostStandardReq.o
LOAD ../LUFA/Drivers/USB/Core/USBTask.o
LOAD ../LUFA/Drivers/USB/Class/Common/HIDParser.o
LOAD ../LUFA/Drivers/USB/Class/Device/AudioClassDevice.o
LOAD ../LUFA/Drivers/USB/Class/Device/CDCClassDevice.o
LOAD ../LUFA/Drivers/USB/Class/Device/HIDClassDevice.o
LOAD ../LUFA/Drivers/USB/Class/Device/MassStorageClassDevice.o
LOAD ../LUFA/Drivers/USB/Class/Device/MIDIClassDevice.o
LOAD ../LUFA/Drivers/USB/Class/Device/RNDISClassDevice.o
LOAD ../LUFA/Drivers/USB/Class/Host/AndroidAccessoryClassHost.o
LOAD ../LUFA/Drivers/USB/Class/Host/AudioClassHost.o
LOAD ../LUFA/Drivers/USB/Class/Host/CDCClassHost.o
LOAD ../LUFA/Drivers/USB/Class/Host/HIDClassHost.o
LOAD ../LUFA/Drivers/USB/Class/Host/MassStorageClassHost.o
LOAD ../LUFA/Drivers/USB/Class/Host/MIDIClassHost.o
LOAD ../LUFA/Drivers/USB/Class/Host/PrinterClassHost.o
LOAD ../LUFA/Drivers/USB/Class/Host/RNDISClassHost.o
LOAD ../LUFA/Drivers/USB/Class/Host/StillImageClassHost.o
LOAD main.o
LOAD analogIO.o
LOAD timer.o
LOAD pins/awesomedip.o
LOAD digitalIO.o
LOAD /usr/lib/gcc/avr/4.7.0/../../../avr/lib/avr5/libm.a
LOAD /usr/lib/gcc/avr/4.7.0/avr5/libgcc.a
LOAD /usr/lib/gcc/avr/4.7.0/../../../avr/lib/avr5/libc.a
LOAD /usr/lib/gcc/avr/4.7.0/avr5/libgcc.a

.hash
 *(.hash)

.dynsym
 *(.dynsym)

.dynstr
 *(.dynstr)

.gnu.version
 *(.gnu.version)

.gnu.version_d
 *(.gnu.version_d)

.gnu.version_r
 *(.gnu.version_r)

.rel.init
 *(.rel.init)

.rela.init
 *(.rela.init)

.rel.text
 *(.rel.text)
 *(.rel.text.*)
 *(.rel.gnu.linkonce.t*)

.rela.text
 *(.rela.text)
 *(.rela.text.*)
 *(.rela.gnu.linkonce.t*)

.rel.fini
 *(.rel.fini)

.rela.fini
 *(.rela.fini)

.rel.rodata
 *(.rel.rodata)
 *(.rel.rodata.*)
 *(.rel.gnu.linkonce.r*)

.rela.rodata
 *(.rela.rodata)
 *(.rela.rodata.*)
 *(.rela.gnu.linkonce.r*)

.rel.data
 *(.rel.data)
 *(.rel.data.*)
 *(.rel.gnu.linkonce.d*)

.rela.data
 *(.rela.data)
 *(.rela.data.*)
 *(.rela.gnu.linkonce.d*)

.rel.ctors
 *(.rel.ctors)

.rela.ctors
 *(.rela.ctors)

.rel.dtors
 *(.rel.dtors)

.rela.dtors
 *(.rela.dtors)

.rel.got
 *(.rel.got)

.rela.got
 *(.rela.got)

.rel.bss
 *(.rel.bss)

.rela.bss
 *(.rela.bss)

.rel.plt
 *(.rel.plt)

.rela.plt
 *(.rela.plt)

.text           0x0000000000000000     0x18e2
 *(.vectors)
 .vectors       0x0000000000000000       0xac /usr/lib/gcc/avr/4.7.0/../../../avr/lib/avr5/crtm32u4.o
                0x0000000000000000                __vectors
                0x0000000000000000                __vector_default
 *(.vectors)
 *(.progmem.gcc*)
 *(.progmem*)
 .progmem.data  0x00000000000000ac       0x8c Descriptors.o
                0x00000000000000ac                ProductString
                0x00000000000000ca                ManufacturerString
                0x00000000000000e4                LanguageString
                0x00000000000000e8                ConfigurationDescriptor
                0x0000000000000126                DeviceDescriptor
                0x0000000000000138                . = ALIGN (0x2)
                0x0000000000000138                __trampolines_start = .
 *(.trampolines)
 .trampolines   0x0000000000000138        0x0 linker stubs
 *(.trampolines*)
                0x0000000000000138                __trampolines_end = .
 *(.jumptables)
 *(.jumptables*)
 *(.lowtext)
 *(.lowtext*)
                0x0000000000000138                __ctors_start = .
 *(.ctors)
                0x0000000000000138                __ctors_end = .
                0x0000000000000138                __dtors_start = .
 *(.dtors)
                0x0000000000000138                __dtors_end = .
 SORT(*)(.ctors)
 SORT(*)(.dtors)
 *(.init0)
 .init0         0x0000000000000138        0x0 /usr/lib/gcc/avr/4.7.0/../../../avr/lib/avr5/crtm32u4.o
                0x0000000000000138                __init
 *(.init0)
 *(.init1)
 *(.init1)
 *(.init2)
 .init2         0x0000000000000138        0xc /usr/lib/gcc/avr/4.7.0/../../../avr/lib/avr5/crtm32u4.o
 *(.init2)
 *(.init3)
 *(.init3)
 *(.init4)
 .init4         0x0000000000000144       0x16 /usr/lib/gcc/avr/4.7.0/avr5/libgcc.a(_copy_data.o)
                0x0000000000000144                __do_copy_data
 .init4         0x000000000000015a       0x10 /usr/lib/gcc/avr/4.7.0/avr5/libgcc.a(_clear_bss.o)
                0x000000000000015a                __do_clear_bss
 *(.init4)
 *(.init5)
 *(.init5)
 *(.init6)
 *(.init6)
 *(.init7)
 *(.init7)
 *(.init8)
 *(.init8)
 *(.init9)
 .init9         0x000000000000016a        0x8 /usr/lib/gcc/avr/4.7.0/../../../avr/lib/avr5/crtm32u4.o
 *(.init9)
 *(.text)
 .text          0x0000000000000172        0x2 /usr/lib/gcc/avr/4.7.0/../../../avr/lib/avr5/crtm32u4.o
                0x0000000000000172                __vector_38
                0x0000000000000172                __vector_22
                0x0000000000000172                __vector_28
                0x0000000000000172                __vector_1
                0x0000000000000172                __vector_32
                0x0000000000000172                __vector_34
                0x0000000000000172                __vector_24
                0x0000000000000172                __vector_12
                0x0000000000000172                __bad_interrupt
                0x0000000000000172                __vector_6
                0x0000000000000172                __vector_31
                0x0000000000000172                __vector_35
                0x0000000000000172                __vector_39
                0x0000000000000172                __vector_3
                0x0000000000000172                __vector_23
                0x0000000000000172                __vector_30
                0x0000000000000172                __vector_25
                0x0000000000000172                __vector_11
                0x0000000000000172                __vector_13
                0x0000000000000172                __vector_19
                0x0000000000000172                __vector_7
                0x0000000000000172                __vector_41
                0x0000000000000172                __vector_27
                0x0000000000000172                __vector_5
                0x0000000000000172                __vector_33
                0x0000000000000172                __vector_37
                0x0000000000000172                __vector_4
                0x0000000000000172                __vector_9
                0x0000000000000172                __vector_2
                0x0000000000000172                __vector_21
                0x0000000000000172                __vector_15
                0x0000000000000172                __vector_36
                0x0000000000000172                __vector_29
                0x0000000000000172                __vector_40
                0x0000000000000172                __vector_8
                0x0000000000000172                __vector_26
                0x0000000000000172                __vector_14
                0x0000000000000172                __vector_16
                0x0000000000000172                __vector_18
                0x0000000000000172                __vector_20
                0x0000000000000172                __vector_42
 .text          0x0000000000000174       0xf8 analogIO.o
                0x0000000000000174                _Z6getPins
                0x0000000000000194                _Z6setRefs
                0x00000000000001aa                _Z14setRefInternalv
                0x00000000000001b0                _Z14setRefExternalv
                0x00000000000001b6                _Z9setRefVCCv
                0x00000000000001bc                _Z6setPins
                0x00000000000001fa                _Z9setThermov
                0x0000000000000218                _Z7convertv
                0x0000000000000254                _Z11analogSetupv
                0x0000000000000260                _Z10analogReads
 .text          0x000000000000026c      0x1f6 timer.o
                0x000000000000026c                _Z8runTasksv
                0x000000000000026e                _Z7initRTCv
                0x0000000000000298                __vector_17
                0x000000000000032c                _Z6millisv
                0x00000000000003b0                _Z7secondsv
                0x0000000000000420                _Z11delayMillisj
 .text          0x0000000000000462      0x196 digitalIO.o
                0x0000000000000462                _Z7getPORTi
                0x0000000000000492                _Z6getPINi
                0x00000000000004c2                _Z6getDDRi
                0x00000000000004f2                _Z12digitalWritecc
                0x0000000000000558                _Z12setDirectioncc
                0x00000000000005be                _Z11digitalReadc
                0x00000000000005f8                . = ALIGN (0x2)
 *(.text.*)
 .text.runUSB   0x00000000000005f8        0xe usbSerial.o
                0x00000000000005f8                runUSB
 .text.SetupHardware
                0x0000000000000606       0x14 usbSerial.o
                0x0000000000000606                SetupHardware
 .text.initUSBSerial
                0x000000000000061a       0x22 usbSerial.o
                0x000000000000061a                initUSBSerial
 .text.EVENT_USB_Device_Disconnect
                0x000000000000063c        0x2 usbSerial.o
                0x000000000000063c                EVENT_USB_Device_Disconnect
 .text.EVENT_USB_Device_ConfigurationChanged
                0x000000000000063e        0x6 usbSerial.o
                0x000000000000063e                EVENT_USB_Device_ConfigurationChanged
 .text.EVENT_USB_Device_ControlRequest
                0x0000000000000644        0x6 usbSerial.o
                0x0000000000000644                EVENT_USB_Device_ControlRequest
 .text.CALLBACK_USB_GetDescriptor
                0x000000000000064a       0x7a Descriptors.o
                0x000000000000064a                CALLBACK_USB_GetDescriptor
 .text.Endpoint_ConfigureEndpoint_Prv
                0x00000000000006c4       0x6c ../LUFA/Drivers/USB/Core/AVR8/Endpoint_AVR8.o
                0x00000000000006c4                Endpoint_ConfigureEndpoint_Prv
 .text.Endpoint_ClearStatusStage
                0x0000000000000730       0x42 ../LUFA/Drivers/USB/Core/AVR8/Endpoint_AVR8.o
                0x0000000000000730                Endpoint_ClearStatusStage
 .text.Endpoint_WaitUntilReady
                0x0000000000000772       0x64 ../LUFA/Drivers/USB/Core/AVR8/Endpoint_AVR8.o
                0x0000000000000772                Endpoint_WaitUntilReady
 .text.USB_ResetInterface
                0x00000000000007d6       0x80 ../LUFA/Drivers/USB/Core/AVR8/USBController_AVR8.o
                0x00000000000007d6                USB_ResetInterface
 .text.USB_Init
                0x0000000000000856       0x16 ../LUFA/Drivers/USB/Core/AVR8/USBController_AVR8.o
                0x0000000000000856                USB_Init
 .text.USB_INT_DisableAllInterrupts
                0x000000000000086c       0x10 ../LUFA/Drivers/USB/Core/AVR8/USBInterrupt_AVR8.o
                0x000000000000086c                USB_INT_DisableAllInterrupts
 .text.USB_INT_ClearAllInterrupts
                0x000000000000087c        0xa ../LUFA/Drivers/USB/Core/AVR8/USBInterrupt_AVR8.o
                0x000000000000087c                USB_INT_ClearAllInterrupts
 .text.__vector_10
                0x0000000000000886      0x188 ../LUFA/Drivers/USB/Core/AVR8/USBInterrupt_AVR8.o
                0x0000000000000886                __vector_10
 .text.Endpoint_Write_Control_Stream_LE
                0x0000000000000a0e       0xbe ../LUFA/Drivers/USB/Core/AVR8/EndpointStream_AVR8.o
                0x0000000000000a0e                Endpoint_Write_Control_Stream_LE
 .text.Endpoint_Write_Control_PStream_LE
                0x0000000000000acc       0xc0 ../LUFA/Drivers/USB/Core/AVR8/EndpointStream_AVR8.o
                0x0000000000000acc                Endpoint_Write_Control_PStream_LE
 .text.USB_Device_ProcessControlRequest
                0x0000000000000b8c      0x2d0 ../LUFA/Drivers/USB/Core/DeviceStandardReq.o
                0x0000000000000b8c                USB_Device_ProcessControlRequest
 .text.USB_Event_Stub
                0x0000000000000e5c        0x2 ../LUFA/Drivers/USB/Core/Events.o
                0x0000000000000e5c                EVENT_USB_Device_Connect
                0x0000000000000e5c                EVENT_USB_Device_WakeUp
                0x0000000000000e5c                USB_Event_Stub
                0x0000000000000e5c                EVENT_USB_Device_Suspend
                0x0000000000000e5c                EVENT_USB_Device_StartOfFrame
                0x0000000000000e5c                EVENT_USB_Device_Reset
 .text.USB_USBTask
                0x0000000000000e5e       0x24 ../LUFA/Drivers/USB/Core/USBTask.o
                0x0000000000000e5e                USB_USBTask
 .text.CDC_Device_ConfigureEndpoints
                0x0000000000000e82       0x9c ../LUFA/Drivers/USB/Class/Device/CDCClassDevice.o
                0x0000000000000e82                CDC_Device_ConfigureEndpoints
 .text.CDC_Device_SendByte
                0x0000000000000f1e       0x4c ../LUFA/Drivers/USB/Class/Device/CDCClassDevice.o
                0x0000000000000f1e                CDC_Device_SendByte
 .text.CDC_Device_putchar
                0x0000000000000f6a       0x1c ../LUFA/Drivers/USB/Class/Device/CDCClassDevice.o
 .text.CDC_Device_Flush
                0x0000000000000f86       0x5e ../LUFA/Drivers/USB/Class/Device/CDCClassDevice.o
                0x0000000000000f86                CDC_Device_Flush
 .text.CDC_Device_USBTask
                0x0000000000000fe4       0x1e ../LUFA/Drivers/USB/Class/Device/CDCClassDevice.o
                0x0000000000000fe4                CDC_Device_USBTask
 .text.CDC_Device_ReceiveByte
                0x0000000000001002       0x6c ../LUFA/Drivers/USB/Class/Device/CDCClassDevice.o
                0x0000000000001002                CDC_Device_ReceiveByte
 .text.CDC_Device_getchar_Blocking
                0x000000000000106e       0x32 ../LUFA/Drivers/USB/Class/Device/CDCClassDevice.o
 .text.CDC_Device_CreateBlockingStream
                0x00000000000010a0       0x26 ../LUFA/Drivers/USB/Class/Device/CDCClassDevice.o
                0x00000000000010a0                CDC_Device_CreateBlockingStream
 .text.CDC_Device_Event_Stub
                0x00000000000010c6        0x2 ../LUFA/Drivers/USB/Class/Device/CDCClassDevice.o
                0x00000000000010c6                EVENT_CDC_Device_LineEncodingChanged
                0x00000000000010c6                EVENT_CDC_Device_ControLineStateChanged
                0x00000000000010c6                EVENT_CDC_Device_BreakSent
                0x00000000000010c6                CDC_Device_Event_Stub
 .text.CDC_Device_ProcessControlRequest
                0x00000000000010c8      0x16e ../LUFA/Drivers/USB/Class/Device/CDCClassDevice.o
                0x00000000000010c8                CDC_Device_ProcessControlRequest
 .text.startup  0x0000000000001236       0x98 main.o
                0x0000000000001236                main
 .text.libgcc.mul
                0x00000000000012ce        0xc /usr/lib/gcc/avr/4.7.0/avr5/libgcc.a(_usmulhisi3.o)
                0x00000000000012ce                __usmulhisi3
                0x00000000000012d0                __usmulhisi3_tail
 .text.libgcc.div
                0x00000000000012da       0x36 /usr/lib/gcc/avr/4.7.0/avr5/libgcc.a(_divmodsi4.o)
                0x00000000000012da                __divmodsi4
 .text.libgcc.mul
                0x0000000000001310       0x18 /usr/lib/gcc/avr/4.7.0/avr5/libgcc.a(_umulhisi3.o)
                0x0000000000001310                __umulhisi3
 .text.libgcc.div
                0x0000000000001328       0x44 /usr/lib/gcc/avr/4.7.0/avr5/libgcc.a(_udivmodsi4.o)
                0x0000000000001328                __udivmodsi4
 .text.avr-libc
                0x000000000000136c       0x28 /usr/lib/gcc/avr/4.7.0/../../../avr/lib/avr5/libc.a(printf.o)
                0x000000000000136c                printf
 .text.avr-libc
                0x0000000000001394      0x39c /usr/lib/gcc/avr/4.7.0/../../../avr/lib/avr5/libc.a(vfprintf_std.o)
                0x0000000000001394                vfprintf
 .text.avr-libc
                0x0000000000001730       0x16 /usr/lib/gcc/avr/4.7.0/../../../avr/lib/avr5/libc.a(strnlen_P.o)
                0x0000000000001730                strnlen_P
 .text.avr-libc
                0x0000000000001746       0x16 /usr/lib/gcc/avr/4.7.0/../../../avr/lib/avr5/libc.a(strnlen.o)
                0x0000000000001746                strnlen
 .text.avr-libc
                0x000000000000175c       0x58 /usr/lib/gcc/avr/4.7.0/../../../avr/lib/avr5/libc.a(fputc.o)
                0x000000000000175c                fputc
 .text.avr-libc
                0x00000000000017b4       0xbc /usr/lib/gcc/avr/4.7.0/../../../avr/lib/avr5/libc.a(ultoa_invert.o)
                0x00000000000017b4                __ultoa_invert
 .text.libgcc.prologue
                0x0000000000001870       0x38 /usr/lib/gcc/avr/4.7.0/avr5/libgcc.a(_prologue.o)
                0x0000000000001870                __prologue_saves__
 .text.libgcc.prologue
                0x00000000000018a8       0x36 /usr/lib/gcc/avr/4.7.0/avr5/libgcc.a(_epilogue.o)
                0x00000000000018a8                __epilogue_restores__
                0x00000000000018de                . = ALIGN (0x2)
 *(.fini9)
 .fini9         0x00000000000018de        0x0 /usr/lib/gcc/avr/4.7.0/avr5/libgcc.a(_exit.o)
                0x00000000000018de                exit
                0x00000000000018de                _exit
 *(.fini9)
 *(.fini8)
 *(.fini8)
 *(.fini7)
 *(.fini7)
 *(.fini6)
 *(.fini6)
 *(.fini5)
 *(.fini5)
 *(.fini4)
 *(.fini4)
 *(.fini3)
 *(.fini3)
 *(.fini2)
 *(.fini2)
 *(.fini1)
 *(.fini1)
 *(.fini0)
 .fini0         0x00000000000018de        0x4 /usr/lib/gcc/avr/4.7.0/avr5/libgcc.a(_exit.o)
 *(.fini0)
                0x00000000000018e2                _etext = .

.data           0x0000000000800100       0xc8 load address 0x00000000000018e2
                0x0000000000800100                PROVIDE (__data_start, .)
 *(.data)
 .data          0x0000000000800100       0x18 usbSerial.o
                0x0000000000800100                VirtualSerial_CDC_Interface
 .data          0x0000000000800118        0x2 timer.o
                0x0000000000800118                halfMillis
 .data          0x000000000080011a       0x2a digitalIO.o
                0x000000000080011a                ddrs
                0x0000000000800128                ins
                0x0000000000800136                outs
 *(.data*)
 *(.rodata)
 .rodata        0x0000000000800144       0x11 analogIO.o
 .rodata        0x0000000000800155       0x28 digitalIO.o
 *(.rodata*)
 .rodata.str1.1
                0x000000000080017d       0x4a main.o
 *(.gnu.linkonce.d*)
                0x00000000008001c8                . = ALIGN (0x2)
 *fill*         0x00000000008001c7        0x1 00
                0x00000000008001c8                _edata = .
                0x00000000008001c8                PROVIDE (__data_end, .)

.bss            0x00000000008001c8       0x25
                0x00000000008001c8                PROVIDE (__bss_start, .)
 *(.bss)
 .bss           0x00000000008001c8        0xe usbSerial.o
 .bss           0x00000000008001d6        0x4 timer.o
                0x00000000008001d6                overflows2
                0x00000000008001d8                overflows1
 *(.bss*)
 *(COMMON)
 COMMON         0x00000000008001da        0x3 ../LUFA/Drivers/USB/Core/DeviceStandardReq.o
                0x00000000008001da                USB_Device_ConfigurationNumber
                0x00000000008001db                USB_Device_CurrentlySelfPowered
                0x00000000008001dc                USB_Device_RemoteWakeupEnabled
 COMMON         0x00000000008001dd        0xa ../LUFA/Drivers/USB/Core/USBTask.o
                0x00000000008001dd                USB_IsInitialized
                0x00000000008001de                USB_DeviceState
                0x00000000008001df                USB_ControlRequest
 COMMON         0x00000000008001e7        0x6 /usr/lib/gcc/avr/4.7.0/../../../avr/lib/avr5/libc.a(iob.o)
                0x00000000008001e7                __iob
                0x00000000008001ed                PROVIDE (__bss_end, .)
                0x00000000000018e2                __data_load_start = LOADADDR (.data)
                0x00000000000019aa                __data_load_end = (__data_load_start + SIZEOF (.data))

.noinit         0x00000000008001ed        0x0
                0x00000000008001ed                PROVIDE (__noinit_start, .)
 *(.noinit*)
                0x00000000008001ed                PROVIDE (__noinit_end, .)
                0x00000000008001ed                _end = .
                0x00000000008001ed                PROVIDE (__heap_start, .)

.eeprom         0x0000000000810000        0x0
 *(.eeprom*)
                0x0000000000810000                __eeprom_end = .

.fuse
 *(.fuse)
 *(.lfuse)
 *(.hfuse)
 *(.efuse)

.lock
 *(.lock*)

.signature
 *(.signature*)

.stab           0x0000000000000000     0x2124
 *(.stab)
 .stab          0x0000000000000000      0x6cc /usr/lib/gcc/avr/4.7.0/../../../avr/lib/avr5/crtm32u4.o
 .stab          0x00000000000006cc       0x84 /usr/lib/gcc/avr/4.7.0/../../../avr/lib/avr5/libc.a(memcpy_P.o)
                                         0x90 (size before relaxing)
 .stab          0x0000000000000750       0xb4 /usr/lib/gcc/avr/4.7.0/../../../avr/lib/avr5/libc.a(memcmp.o)
                                         0xc0 (size before relaxing)
 .stab          0x0000000000000804       0x84 /usr/lib/gcc/avr/4.7.0/../../../avr/lib/avr5/libc.a(memcpy.o)
                                         0x90 (size before relaxing)
 .stab          0x0000000000000888       0x6c /usr/lib/gcc/avr/4.7.0/../../../avr/lib/avr5/libc.a(memset.o)
                                         0x78 (size before relaxing)
 .stab          0x00000000000008f4      0x300 /usr/lib/gcc/avr/4.7.0/../../../avr/lib/avr5/libc.a(iob.o)
                                        0x30c (size before relaxing)
 .stab          0x0000000000000bf4      0x1bc /usr/lib/gcc/avr/4.7.0/../../../avr/lib/avr5/libc.a(printf.o)
                                        0x39c (size before relaxing)
 .stab          0x0000000000000db0      0xa44 /usr/lib/gcc/avr/4.7.0/../../../avr/lib/avr5/libc.a(vfprintf_std.o)
                                        0xc24 (size before relaxing)
 .stab          0x00000000000017f4       0x90 /usr/lib/gcc/avr/4.7.0/../../../avr/lib/avr5/libc.a(eerd_byte_atmega32u4.o)
                                         0x9c (size before relaxing)
 .stab          0x0000000000001884      0x114 /usr/lib/gcc/avr/4.7.0/../../../avr/lib/avr5/libc.a(eeupd_byte_atmega32u4.o)
                                        0x120 (size before relaxing)
 .stab          0x0000000000001998       0x9c /usr/lib/gcc/avr/4.7.0/../../../avr/lib/avr5/libc.a(strnlen_P.o)
                                         0xa8 (size before relaxing)
 .stab          0x0000000000001a34       0x9c /usr/lib/gcc/avr/4.7.0/../../../avr/lib/avr5/libc.a(strnlen.o)
                                         0xa8 (size before relaxing)
 .stab          0x0000000000001ad0      0x1d4 /usr/lib/gcc/avr/4.7.0/../../../avr/lib/avr5/libc.a(fputc.o)
                                        0x3b4 (size before relaxing)
 .stab          0x0000000000001ca4      0x480 /usr/lib/gcc/avr/4.7.0/../../../avr/lib/avr5/libc.a(ultoa_invert.o)
                                        0x48c (size before relaxing)

.stabstr        0x0000000000000000      0xc6a
 *(.stabstr)
 .stabstr       0x0000000000000000      0xc6a /usr/lib/gcc/avr/4.7.0/../../../avr/lib/avr5/crtm32u4.o

.stab.excl
 *(.stab.excl)

.stab.exclstr
 *(.stab.exclstr)

.stab.index
 *(.stab.index)

.stab.indexstr
 *(.stab.indexstr)

.comment        0x0000000000000000       0x11
 *(.comment)
 .comment       0x0000000000000000       0x11 usbSerial.o
                                         0x12 (size before relaxing)
 .comment       0x0000000000000000       0x12 Descriptors.o
 .comment       0x0000000000000000       0x12 ../LUFA/Drivers/USB/Core/AVR8/Device_AVR8.o
 .comment       0x0000000000000000       0x12 ../LUFA/Drivers/USB/Core/AVR8/Endpoint_AVR8.o
 .comment       0x0000000000000000       0x12 ../LUFA/Drivers/USB/Core/AVR8/Host_AVR8.o
 .comment       0x0000000000000000       0x12 ../LUFA/Drivers/USB/Core/AVR8/Pipe_AVR8.o
 .comment       0x0000000000000000       0x12 ../LUFA/Drivers/USB/Core/AVR8/USBController_AVR8.o
 .comment       0x0000000000000000       0x12 ../LUFA/Drivers/USB/Core/AVR8/USBInterrupt_AVR8.o
 .comment       0x0000000000000000       0x12 ../LUFA/Drivers/USB/Core/AVR8/EndpointStream_AVR8.o
 .comment       0x0000000000000000       0x12 ../LUFA/Drivers/USB/Core/AVR8/PipeStream_AVR8.o
 .comment       0x0000000000000000       0x12 ../LUFA/Drivers/USB/Core/ConfigDescriptor.o
 .comment       0x0000000000000000       0x12 ../LUFA/Drivers/USB/Core/DeviceStandardReq.o
 .comment       0x0000000000000000       0x12 ../LUFA/Drivers/USB/Core/Events.o
 .comment       0x0000000000000000       0x12 ../LUFA/Drivers/USB/Core/HostStandardReq.o
 .comment       0x0000000000000000       0x12 ../LUFA/Drivers/USB/Core/USBTask.o
 .comment       0x0000000000000000       0x12 ../LUFA/Drivers/USB/Class/Common/HIDParser.o
 .comment       0x0000000000000000       0x12 ../LUFA/Drivers/USB/Class/Device/AudioClassDevice.o
 .comment       0x0000000000000000       0x12 ../LUFA/Drivers/USB/Class/Device/CDCClassDevice.o
 .comment       0x0000000000000000       0x12 ../LUFA/Drivers/USB/Class/Device/HIDClassDevice.o
 .comment       0x0000000000000000       0x12 ../LUFA/Drivers/USB/Class/Device/MassStorageClassDevice.o
 .comment       0x0000000000000000       0x12 ../LUFA/Drivers/USB/Class/Device/MIDIClassDevice.o
 .comment       0x0000000000000000       0x12 ../LUFA/Drivers/USB/Class/Device/RNDISClassDevice.o
 .comment       0x0000000000000000       0x12 ../LUFA/Drivers/USB/Class/Host/AndroidAccessoryClassHost.o
 .comment       0x0000000000000000       0x12 ../LUFA/Drivers/USB/Class/Host/AudioClassHost.o
 .comment       0x0000000000000000       0x12 ../LUFA/Drivers/USB/Class/Host/CDCClassHost.o
 .comment       0x0000000000000000       0x12 ../LUFA/Drivers/USB/Class/Host/HIDClassHost.o
 .comment       0x0000000000000000       0x12 ../LUFA/Drivers/USB/Class/Host/MassStorageClassHost.o
 .comment       0x0000000000000000       0x12 ../LUFA/Drivers/USB/Class/Host/MIDIClassHost.o
 .comment       0x0000000000000000       0x12 ../LUFA/Drivers/USB/Class/Host/PrinterClassHost.o
 .comment       0x0000000000000000       0x12 ../LUFA/Drivers/USB/Class/Host/RNDISClassHost.o
 .comment       0x0000000000000000       0x12 ../LUFA/Drivers/USB/Class/Host/StillImageClassHost.o
 .comment       0x0000000000000000       0x12 main.o
 .comment       0x0000000000000000       0x12 analogIO.o
 .comment       0x0000000000000000       0x12 timer.o
 .comment       0x0000000000000000       0x12 pins/awesomedip.o
 .comment       0x0000000000000000       0x12 digitalIO.o
 .comment       0x0000000000000000       0x12 /usr/lib/gcc/avr/4.7.0/../../../avr/lib/avr5/libc.a(iob.o)
 .comment       0x0000000000000000       0x12 /usr/lib/gcc/avr/4.7.0/../../../avr/lib/avr5/libc.a(printf.o)
 .comment       0x0000000000000000       0x12 /usr/lib/gcc/avr/4.7.0/../../../avr/lib/avr5/libc.a(vfprintf_std.o)
 .comment       0x0000000000000000       0x12 /usr/lib/gcc/avr/4.7.0/../../../avr/lib/avr5/libc.a(fputc.o)

.debug
 *(.debug)

.line
 *(.line)

.debug_srcinfo
 *(.debug_srcinfo)

.debug_sfnames
 *(.debug_sfnames)

.debug_aranges  0x0000000000000000      0x508
 *(.debug_aranges)
 .debug_aranges
                0x0000000000000000       0x48 usbSerial.o
 .debug_aranges
                0x0000000000000048       0x20 Descriptors.o
 .debug_aranges
                0x0000000000000068       0x20 ../LUFA/Drivers/USB/Core/AVR8/Device_AVR8.o
 .debug_aranges
                0x0000000000000088       0x38 ../LUFA/Drivers/USB/Core/AVR8/Endpoint_AVR8.o
 .debug_aranges
                0x00000000000000c0       0x30 ../LUFA/Drivers/USB/Core/AVR8/USBController_AVR8.o
 .debug_aranges
                0x00000000000000f0       0x30 ../LUFA/Drivers/USB/Core/AVR8/USBInterrupt_AVR8.o
 .debug_aranges
                0x0000000000000120       0xc8 ../LUFA/Drivers/USB/Core/AVR8/EndpointStream_AVR8.o
 .debug_aranges
                0x00000000000001e8       0x40 ../LUFA/Drivers/USB/Core/ConfigDescriptor.o
 .debug_aranges
                0x0000000000000228       0x20 ../LUFA/Drivers/USB/Core/DeviceStandardReq.o
 .debug_aranges
                0x0000000000000248       0x20 ../LUFA/Drivers/USB/Core/Events.o
 .debug_aranges
                0x0000000000000268       0x20 ../LUFA/Drivers/USB/Core/USBTask.o
 .debug_aranges
                0x0000000000000288       0x38 ../LUFA/Drivers/USB/Class/Common/HIDParser.o
 .debug_aranges
                0x00000000000002c0       0x30 ../LUFA/Drivers/USB/Class/Device/AudioClassDevice.o
 .debug_aranges
                0x00000000000002f0       0x98 ../LUFA/Drivers/USB/Class/Device/CDCClassDevice.o
 .debug_aranges
                0x0000000000000388       0x30 ../LUFA/Drivers/USB/Class/Device/HIDClassDevice.o
 .debug_aranges
                0x00000000000003b8       0x30 ../LUFA/Drivers/USB/Class/Device/MassStorageClassDevice.o
 .debug_aranges
                0x00000000000003e8       0x40 ../LUFA/Drivers/USB/Class/Device/MIDIClassDevice.o
 .debug_aranges
                0x0000000000000428       0x48 ../LUFA/Drivers/USB/Class/Device/RNDISClassDevice.o
 .debug_aranges
                0x0000000000000470       0x20 main.o
 .debug_aranges
                0x0000000000000490       0x20 analogIO.o
 .debug_aranges
                0x00000000000004b0       0x20 timer.o
 .debug_aranges
                0x00000000000004d0       0x18 pins/awesomedip.o
 .debug_aranges
                0x00000000000004e8       0x20 digitalIO.o

.debug_pubnames
 *(.debug_pubnames)

.debug_info     0x0000000000000000     0x9dd1
 *(.debug_info)
 .debug_info    0x0000000000000000      0x5ad usbSerial.o
 .debug_info    0x00000000000005ad      0x756 Descriptors.o
 .debug_info    0x0000000000000d03       0xd2 ../LUFA/Drivers/USB/Core/AVR8/Device_AVR8.o
 .debug_info    0x0000000000000dd5      0x466 ../LUFA/Drivers/USB/Core/AVR8/Endpoint_AVR8.o
 .debug_info    0x000000000000123b      0x4b4 ../LUFA/Drivers/USB/Core/AVR8/USBController_AVR8.o
 .debug_info    0x00000000000016ef      0x65b ../LUFA/Drivers/USB/Core/AVR8/USBInterrupt_AVR8.o
 .debug_info    0x0000000000001d4a     0x17ae ../LUFA/Drivers/USB/Core/AVR8/EndpointStream_AVR8.o
 .debug_info    0x00000000000034f8      0x3c9 ../LUFA/Drivers/USB/Core/ConfigDescriptor.o
 .debug_info    0x00000000000038c1      0xa7f ../LUFA/Drivers/USB/Core/DeviceStandardReq.o
 .debug_info    0x0000000000004340       0x78 ../LUFA/Drivers/USB/Core/Events.o
 .debug_info    0x00000000000043b8      0x24f ../LUFA/Drivers/USB/Core/USBTask.o
 .debug_info    0x0000000000004607      0x738 ../LUFA/Drivers/USB/Class/Common/HIDParser.o
 .debug_info    0x0000000000004d3f      0x9b2 ../LUFA/Drivers/USB/Class/Device/AudioClassDevice.o
 .debug_info    0x00000000000056f1      0xf70 ../LUFA/Drivers/USB/Class/Device/CDCClassDevice.o
 .debug_info    0x0000000000006661      0xa88 ../LUFA/Drivers/USB/Class/Device/HIDClassDevice.o
 .debug_info    0x00000000000070e9      0xa84 ../LUFA/Drivers/USB/Class/Device/MassStorageClassDevice.o
 .debug_info    0x0000000000007b6d      0x6f9 ../LUFA/Drivers/USB/Class/Device/MIDIClassDevice.o
 .debug_info    0x0000000000008266     0x1297 ../LUFA/Drivers/USB/Class/Device/RNDISClassDevice.o
 .debug_info    0x00000000000094fd       0xfd main.o
 .debug_info    0x00000000000095fa      0x2c9 analogIO.o
 .debug_info    0x00000000000098c3      0x20c timer.o
 .debug_info    0x0000000000009acf       0x7d pins/awesomedip.o
 .debug_info    0x0000000000009b4c      0x285 digitalIO.o
 *(.gnu.linkonce.wi.*)

.debug_abbrev   0x0000000000000000     0x2af6
 *(.debug_abbrev)
 .debug_abbrev  0x0000000000000000      0x2ae usbSerial.o
 .debug_abbrev  0x00000000000002ae      0x16a Descriptors.o
 .debug_abbrev  0x0000000000000418       0x80 ../LUFA/Drivers/USB/Core/AVR8/Device_AVR8.o
 .debug_abbrev  0x0000000000000498      0x19e ../LUFA/Drivers/USB/Core/AVR8/Endpoint_AVR8.o
 .debug_abbrev  0x0000000000000636      0x1ba ../LUFA/Drivers/USB/Core/AVR8/USBController_AVR8.o
 .debug_abbrev  0x00000000000007f0      0x1ca ../LUFA/Drivers/USB/Core/AVR8/USBInterrupt_AVR8.o
 .debug_abbrev  0x00000000000009ba      0x21a ../LUFA/Drivers/USB/Core/AVR8/EndpointStream_AVR8.o
 .debug_abbrev  0x0000000000000bd4      0x176 ../LUFA/Drivers/USB/Core/ConfigDescriptor.o
 .debug_abbrev  0x0000000000000d4a      0x29e ../LUFA/Drivers/USB/Core/DeviceStandardReq.o
 .debug_abbrev  0x0000000000000fe8       0x44 ../LUFA/Drivers/USB/Core/Events.o
 .debug_abbrev  0x000000000000102c      0x15e ../LUFA/Drivers/USB/Core/USBTask.o
 .debug_abbrev  0x000000000000118a      0x22b ../LUFA/Drivers/USB/Class/Common/HIDParser.o
 .debug_abbrev  0x00000000000013b5      0x27e ../LUFA/Drivers/USB/Class/Device/AudioClassDevice.o
 .debug_abbrev  0x0000000000001633      0x469 ../LUFA/Drivers/USB/Class/Device/CDCClassDevice.o
 .debug_abbrev  0x0000000000001a9c      0x2f4 ../LUFA/Drivers/USB/Class/Device/HIDClassDevice.o
 .debug_abbrev  0x0000000000001d90      0x2ee ../LUFA/Drivers/USB/Class/Device/MassStorageClassDevice.o
 .debug_abbrev  0x000000000000207e      0x2b5 ../LUFA/Drivers/USB/Class/Device/MIDIClassDevice.o
 .debug_abbrev  0x0000000000002333      0x394 ../LUFA/Drivers/USB/Class/Device/RNDISClassDevice.o
 .debug_abbrev  0x00000000000026c7       0x93 main.o
 .debug_abbrev  0x000000000000275a      0x11a analogIO.o
 .debug_abbrev  0x0000000000002874      0x12d timer.o
 .debug_abbrev  0x00000000000029a1       0x4c pins/awesomedip.o
 .debug_abbrev  0x00000000000029ed      0x109 digitalIO.o

.debug_line     0x0000000000000000     0x3a60
 *(.debug_line)
 .debug_line    0x0000000000000000      0x1ec usbSerial.o
 .debug_line    0x00000000000001ec      0x16c Descriptors.o
 .debug_line    0x0000000000000358       0xf9 ../LUFA/Drivers/USB/Core/AVR8/Device_AVR8.o
 .debug_line    0x0000000000000451      0x2b8 ../LUFA/Drivers/USB/Core/AVR8/Endpoint_AVR8.o
 .debug_line    0x0000000000000709        0x0 ../LUFA/Drivers/USB/Core/AVR8/Host_AVR8.o
 .debug_line    0x0000000000000709        0x0 ../LUFA/Drivers/USB/Core/AVR8/Pipe_AVR8.o
 .debug_line    0x0000000000000709      0x225 ../LUFA/Drivers/USB/Core/AVR8/USBController_AVR8.o
 .debug_line    0x000000000000092e      0x365 ../LUFA/Drivers/USB/Core/AVR8/USBInterrupt_AVR8.o
 .debug_line    0x0000000000000c93      0xc45 ../LUFA/Drivers/USB/Core/AVR8/EndpointStream_AVR8.o
 .debug_line    0x00000000000018d8        0x0 ../LUFA/Drivers/USB/Core/AVR8/PipeStream_AVR8.o
 .debug_line    0x00000000000018d8      0x15d ../LUFA/Drivers/USB/Core/ConfigDescriptor.o
 .debug_line    0x0000000000001a35      0x318 ../LUFA/Drivers/USB/Core/DeviceStandardReq.o
 .debug_line    0x0000000000001d4d       0x4e ../LUFA/Drivers/USB/Core/Events.o
 .debug_line    0x0000000000001d9b        0x0 ../LUFA/Drivers/USB/Core/HostStandardReq.o
 .debug_line    0x0000000000001d9b      0x13b ../LUFA/Drivers/USB/Core/USBTask.o
 .debug_line    0x0000000000001ed6      0x24d ../LUFA/Drivers/USB/Class/Common/HIDParser.o
 .debug_line    0x0000000000002123      0x2da ../LUFA/Drivers/USB/Class/Device/AudioClassDevice.o
 .debug_line    0x00000000000023fd      0x593 ../LUFA/Drivers/USB/Class/Device/CDCClassDevice.o
 .debug_line    0x0000000000002990      0x3ad ../LUFA/Drivers/USB/Class/Device/HIDClassDevice.o
 .debug_line    0x0000000000002d3d      0x3a7 ../LUFA/Drivers/USB/Class/Device/MassStorageClassDevice.o
 .debug_line    0x00000000000030e4      0x2d4 ../LUFA/Drivers/USB/Class/Device/MIDIClassDevice.o
 .debug_line    0x00000000000033b8      0x457 ../LUFA/Drivers/USB/Class/Device/RNDISClassDevice.o
 .debug_line    0x000000000000380f        0x0 ../LUFA/Drivers/USB/Class/Host/AndroidAccessoryClassHost.o
 .debug_line    0x000000000000380f        0x0 ../LUFA/Drivers/USB/Class/Host/AudioClassHost.o
 .debug_line    0x000000000000380f        0x0 ../LUFA/Drivers/USB/Class/Host/CDCClassHost.o
 .debug_line    0x000000000000380f        0x0 ../LUFA/Drivers/USB/Class/Host/HIDClassHost.o
 .debug_line    0x000000000000380f        0x0 ../LUFA/Drivers/USB/Class/Host/MassStorageClassHost.o
 .debug_line    0x000000000000380f        0x0 ../LUFA/Drivers/USB/Class/Host/MIDIClassHost.o
 .debug_line    0x000000000000380f        0x0 ../LUFA/Drivers/USB/Class/Host/PrinterClassHost.o
 .debug_line    0x000000000000380f        0x0 ../LUFA/Drivers/USB/Class/Host/RNDISClassHost.o
 .debug_line    0x000000000000380f        0x0 ../LUFA/Drivers/USB/Class/Host/StillImageClassHost.o
 .debug_line    0x000000000000380f       0x74 main.o
 .debug_line    0x0000000000003883       0x75 analogIO.o
 .debug_line    0x00000000000038f8       0x7e timer.o
 .debug_line    0x0000000000003976       0x31 pins/awesomedip.o
 .debug_line    0x00000000000039a7       0xb9 digitalIO.o

.debug_frame    0x0000000000000000     0x10a8
 *(.debug_frame)
 .debug_frame   0x0000000000000000       0x74 usbSerial.o
 .debug_frame   0x0000000000000074       0x24 Descriptors.o
 .debug_frame   0x0000000000000098       0x24 ../LUFA/Drivers/USB/Core/AVR8/Device_AVR8.o
 .debug_frame   0x00000000000000bc       0x54 ../LUFA/Drivers/USB/Core/AVR8/Endpoint_AVR8.o
 .debug_frame   0x0000000000000110       0x58 ../LUFA/Drivers/USB/Core/AVR8/USBController_AVR8.o
 .debug_frame   0x0000000000000168       0x8c ../LUFA/Drivers/USB/Core/AVR8/USBInterrupt_AVR8.o
 .debug_frame   0x00000000000001f4      0x42c ../LUFA/Drivers/USB/Core/AVR8/EndpointStream_AVR8.o
 .debug_frame   0x0000000000000620      0x108 ../LUFA/Drivers/USB/Core/ConfigDescriptor.o
 .debug_frame   0x0000000000000728       0x48 ../LUFA/Drivers/USB/Core/DeviceStandardReq.o
 .debug_frame   0x0000000000000770       0x24 ../LUFA/Drivers/USB/Core/Events.o
 .debug_frame   0x0000000000000794       0x2c ../LUFA/Drivers/USB/Core/USBTask.o
 .debug_frame   0x00000000000007c0      0x114 ../LUFA/Drivers/USB/Class/Common/HIDParser.o
 .debug_frame   0x00000000000008d4       0xb0 ../LUFA/Drivers/USB/Class/Device/AudioClassDevice.o
 .debug_frame   0x0000000000000984      0x174 ../LUFA/Drivers/USB/Class/Device/CDCClassDevice.o
 .debug_frame   0x0000000000000af8       0xf4 ../LUFA/Drivers/USB/Class/Device/HIDClassDevice.o
 .debug_frame   0x0000000000000bec       0x84 ../LUFA/Drivers/USB/Class/Device/MassStorageClassDevice.o
 .debug_frame   0x0000000000000c70       0x74 ../LUFA/Drivers/USB/Class/Device/MIDIClassDevice.o
 .debug_frame   0x0000000000000ce4      0x10c ../LUFA/Drivers/USB/Class/Device/RNDISClassDevice.o
 .debug_frame   0x0000000000000df0       0x58 main.o
 .debug_frame   0x0000000000000e48       0xb4 analogIO.o
 .debug_frame   0x0000000000000efc      0x114 timer.o
 .debug_frame   0x0000000000001010       0x98 digitalIO.o

.debug_str      0x0000000000000000     0x3a68
 *(.debug_str)
 .debug_str     0x0000000000000000      0x473 usbSerial.o
                                        0x4c7 (size before relaxing)
 .debug_str     0x0000000000000473      0x8bb Descriptors.o
                                        0xa29 (size before relaxing)
 .debug_str     0x0000000000000d2e       0x74 ../LUFA/Drivers/USB/Core/AVR8/Device_AVR8.o
                                        0x159 (size before relaxing)
 .debug_str     0x0000000000000da2      0x3be ../LUFA/Drivers/USB/Core/AVR8/Endpoint_AVR8.o
                                        0x4e0 (size before relaxing)
 .debug_str     0x0000000000001160      0x2c8 ../LUFA/Drivers/USB/Core/AVR8/USBController_AVR8.o
                                        0x4bc (size before relaxing)
 .debug_str     0x0000000000001428      0x12d ../LUFA/Drivers/USB/Core/AVR8/USBInterrupt_AVR8.o
                                        0x491 (size before relaxing)
 .debug_str     0x0000000000001555      0x51f ../LUFA/Drivers/USB/Core/AVR8/EndpointStream_AVR8.o
                                        0x7c8 (size before relaxing)
 .debug_str     0x0000000000001a74      0x223 ../LUFA/Drivers/USB/Core/ConfigDescriptor.o
                                        0x340 (size before relaxing)
 .debug_str     0x0000000000001c97      0x400 ../LUFA/Drivers/USB/Core/DeviceStandardReq.o
                                        0x922 (size before relaxing)
 .debug_str     0x0000000000002097       0x31 ../LUFA/Drivers/USB/Core/Events.o
                                         0xff (size before relaxing)
 .debug_str     0x00000000000020c8       0x5b ../LUFA/Drivers/USB/Core/USBTask.o
                                        0x2c9 (size before relaxing)
 .debug_str     0x0000000000002123      0x492 ../LUFA/Drivers/USB/Class/Common/HIDParser.o
                                        0x61d (size before relaxing)
 .debug_str     0x00000000000025b5      0x28a ../LUFA/Drivers/USB/Class/Device/AudioClassDevice.o
                                        0x68b (size before relaxing)
 .debug_str     0x000000000000283f      0x26e ../LUFA/Drivers/USB/Class/Device/CDCClassDevice.o
                                        0xa72 (size before relaxing)
 .debug_str     0x0000000000002aad      0x285 ../LUFA/Drivers/USB/Class/Device/HIDClassDevice.o
                                        0x6ee (size before relaxing)
 .debug_str     0x0000000000002d32      0x261 ../LUFA/Drivers/USB/Class/Device/MassStorageClassDevice.o
                                        0x842 (size before relaxing)
 .debug_str     0x0000000000002f93      0x121 ../LUFA/Drivers/USB/Class/Device/MIDIClassDevice.o
                                        0x690 (size before relaxing)
 .debug_str     0x00000000000030b4      0x6ee ../LUFA/Drivers/USB/Class/Device/RNDISClassDevice.o
                                        0xdd6 (size before relaxing)
 .debug_str     0x00000000000037a2       0x30 main.o
                                        0x100 (size before relaxing)
 .debug_str     0x00000000000037d2      0x105 analogIO.o
                                        0x1eb (size before relaxing)
 .debug_str     0x00000000000038d7       0xd0 timer.o
                                        0x1b1 (size before relaxing)
 .debug_str     0x00000000000039a7       0x14 pins/awesomedip.o
                                         0xf2 (size before relaxing)
 .debug_str     0x00000000000039bb       0xad digitalIO.o
                                        0x198 (size before relaxing)

.debug_loc      0x0000000000000000     0x6cb0
 *(.debug_loc)
 .debug_loc     0x0000000000000000      0x1f0 Descriptors.o
 .debug_loc     0x00000000000001f0      0x226 ../LUFA/Drivers/USB/Core/AVR8/Endpoint_AVR8.o
 .debug_loc     0x0000000000000416       0x49 ../LUFA/Drivers/USB/Core/AVR8/USBController_AVR8.o
 .debug_loc     0x000000000000045f      0x20b ../LUFA/Drivers/USB/Core/AVR8/USBInterrupt_AVR8.o
 .debug_loc     0x000000000000066a     0x1f31 ../LUFA/Drivers/USB/Core/AVR8/EndpointStream_AVR8.o
 .debug_loc     0x000000000000259b      0x5bd ../LUFA/Drivers/USB/Core/ConfigDescriptor.o
 .debug_loc     0x0000000000002b58      0x2f0 ../LUFA/Drivers/USB/Core/DeviceStandardReq.o
 .debug_loc     0x0000000000002e48       0x49 ../LUFA/Drivers/USB/Core/USBTask.o
 .debug_loc     0x0000000000002e91      0xa77 ../LUFA/Drivers/USB/Class/Common/HIDParser.o
 .debug_loc     0x0000000000003908      0x4bc ../LUFA/Drivers/USB/Class/Device/AudioClassDevice.o
 .debug_loc     0x0000000000003dc4      0xadf ../LUFA/Drivers/USB/Class/Device/CDCClassDevice.o
 .debug_loc     0x00000000000048a3      0x54b ../LUFA/Drivers/USB/Class/Device/HIDClassDevice.o
 .debug_loc     0x0000000000004dee      0x42a ../LUFA/Drivers/USB/Class/Device/MassStorageClassDevice.o
 .debug_loc     0x0000000000005218      0x3e9 ../LUFA/Drivers/USB/Class/Device/MIDIClassDevice.o
 .debug_loc     0x0000000000005601      0xeb5 ../LUFA/Drivers/USB/Class/Device/RNDISClassDevice.o
 .debug_loc     0x00000000000064b6       0xf2 main.o
 .debug_loc     0x00000000000065a8       0xed analogIO.o
 .debug_loc     0x0000000000006695      0x357 timer.o
 .debug_loc     0x00000000000069ec      0x2c4 digitalIO.o

.debug_macinfo
 *(.debug_macinfo)
OUTPUT(main.elf elf32-avr)
LOAD linker stubs

.debug_ranges   0x0000000000000000      0x858
 .debug_ranges  0x0000000000000000       0x38 usbSerial.o
 .debug_ranges  0x0000000000000038       0x10 Descriptors.o
 .debug_ranges  0x0000000000000048       0x10 ../LUFA/Drivers/USB/Core/AVR8/Device_AVR8.o
 .debug_ranges  0x0000000000000058       0x60 ../LUFA/Drivers/USB/Core/AVR8/Endpoint_AVR8.o
 .debug_ranges  0x00000000000000b8       0x20 ../LUFA/Drivers/USB/Core/AVR8/USBController_AVR8.o
 .debug_ranges  0x00000000000000d8       0x20 ../LUFA/Drivers/USB/Core/AVR8/USBInterrupt_AVR8.o
 .debug_ranges  0x00000000000000f8      0x2c8 ../LUFA/Drivers/USB/Core/AVR8/EndpointStream_AVR8.o
 .debug_ranges  0x00000000000003c0       0x30 ../LUFA/Drivers/USB/Core/ConfigDescriptor.o
 .debug_ranges  0x00000000000003f0       0x28 ../LUFA/Drivers/USB/Core/DeviceStandardReq.o
 .debug_ranges  0x0000000000000418       0x10 ../LUFA/Drivers/USB/Core/Events.o
 .debug_ranges  0x0000000000000428       0x10 ../LUFA/Drivers/USB/Core/USBTask.o
 .debug_ranges  0x0000000000000438       0xc8 ../LUFA/Drivers/USB/Class/Common/HIDParser.o
 .debug_ranges  0x0000000000000500       0x38 ../LUFA/Drivers/USB/Class/Device/AudioClassDevice.o
 .debug_ranges  0x0000000000000538       0xd0 ../LUFA/Drivers/USB/Class/Device/CDCClassDevice.o
 .debug_ranges  0x0000000000000608       0x68 ../LUFA/Drivers/USB/Class/Device/HIDClassDevice.o
 .debug_ranges  0x0000000000000670       0x80 ../LUFA/Drivers/USB/Class/Device/MassStorageClassDevice.o
 .debug_ranges  0x00000000000006f0       0x78 ../LUFA/Drivers/USB/Class/Device/MIDIClassDevice.o
 .debug_ranges  0x0000000000000768       0xe0 ../LUFA/Drivers/USB/Class/Device/RNDISClassDevice.o
 .debug_ranges  0x0000000000000848       0x10 main.o

Cross Reference Table

Symbol                                            File
Audio_Device_ConfigureEndpoints                   ../LUFA/Drivers/USB/Class/Device/AudioClassDevice.o
Audio_Device_Event_Stub                           ../LUFA/Drivers/USB/Class/Device/AudioClassDevice.o
Audio_Device_ProcessControlRequest                ../LUFA/Drivers/USB/Class/Device/AudioClassDevice.o
CALLBACK_Audio_Device_GetSetEndpointProperty      ../LUFA/Drivers/USB/Class/Device/AudioClassDevice.o
CALLBACK_Audio_Device_GetSetInterfaceProperty     ../LUFA/Drivers/USB/Class/Device/AudioClassDevice.o
CALLBACK_HIDParser_FilterHIDReportItem            ../LUFA/Drivers/USB/Class/Common/HIDParser.o
CALLBACK_HID_Device_CreateHIDReport               ../LUFA/Drivers/USB/Class/Device/HIDClassDevice.o
CALLBACK_HID_Device_ProcessHIDReport              ../LUFA/Drivers/USB/Class/Device/HIDClassDevice.o
CALLBACK_MS_Device_SCSICommandReceived            ../LUFA/Drivers/USB/Class/Device/MassStorageClassDevice.o
CALLBACK_USB_GetDescriptor                        Descriptors.o
                                                  ../LUFA/Drivers/USB/Core/DeviceStandardReq.o
CDC_Device_BytesReceived                          ../LUFA/Drivers/USB/Class/Device/CDCClassDevice.o
CDC_Device_ConfigureEndpoints                     ../LUFA/Drivers/USB/Class/Device/CDCClassDevice.o
                                                  usbSerial.o
CDC_Device_CreateBlockingStream                   ../LUFA/Drivers/USB/Class/Device/CDCClassDevice.o
                                                  usbSerial.o
CDC_Device_CreateStream                           ../LUFA/Drivers/USB/Class/Device/CDCClassDevice.o
CDC_Device_Event_Stub                             ../LUFA/Drivers/USB/Class/Device/CDCClassDevice.o
CDC_Device_Flush                                  ../LUFA/Drivers/USB/Class/Device/CDCClassDevice.o
CDC_Device_ProcessControlRequest                  ../LUFA/Drivers/USB/Class/Device/CDCClassDevice.o
                                                  usbSerial.o
CDC_Device_ReceiveByte                            ../LUFA/Drivers/USB/Class/Device/CDCClassDevice.o
                                                  usbSerial.o
CDC_Device_SendByte                               ../LUFA/Drivers/USB/Class/Device/CDCClassDevice.o
CDC_Device_SendControlLineStateChange             ../LUFA/Drivers/USB/Class/Device/CDCClassDevice.o
CDC_Device_SendData                               ../LUFA/Drivers/USB/Class/Device/CDCClassDevice.o
CDC_Device_SendString                             ../LUFA/Drivers/USB/Class/Device/CDCClassDevice.o
CDC_Device_USBTask                                ../LUFA/Drivers/USB/Class/Device/CDCClassDevice.o
                                                  usbSerial.o
ConfigurationDescriptor                           Descriptors.o
DeviceDescriptor                                  Descriptors.o
EVENT_Audio_Device_StreamStartStop                ../LUFA/Drivers/USB/Class/Device/AudioClassDevice.o
EVENT_CDC_Device_BreakSent                        ../LUFA/Drivers/USB/Class/Device/CDCClassDevice.o
EVENT_CDC_Device_ControLineStateChanged           ../LUFA/Drivers/USB/Class/Device/CDCClassDevice.o
EVENT_CDC_Device_LineEncodingChanged              ../LUFA/Drivers/USB/Class/Device/CDCClassDevice.o
EVENT_USB_Device_ConfigurationChanged             usbSerial.o
                                                  ../LUFA/Drivers/USB/Core/DeviceStandardReq.o
EVENT_USB_Device_Connect                          ../LUFA/Drivers/USB/Core/Events.o
                                                  ../LUFA/Drivers/USB/Core/AVR8/USBInterrupt_AVR8.o
EVENT_USB_Device_ControlRequest                   usbSerial.o
                                                  ../LUFA/Drivers/USB/Core/DeviceStandardReq.o
EVENT_USB_Device_Disconnect                       usbSerial.o
                                                  ../LUFA/Drivers/USB/Core/AVR8/USBInterrupt_AVR8.o
EVENT_USB_Device_Reset                            ../LUFA/Drivers/USB/Core/Events.o
                                                  ../LUFA/Drivers/USB/Core/AVR8/USBInterrupt_AVR8.o
EVENT_USB_Device_StartOfFrame                     ../LUFA/Drivers/USB/Core/Events.o
                                                  ../LUFA/Drivers/USB/Core/AVR8/USBInterrupt_AVR8.o
EVENT_USB_Device_Suspend                          ../LUFA/Drivers/USB/Core/Events.o
                                                  ../LUFA/Drivers/USB/Core/AVR8/USBInterrupt_AVR8.o
EVENT_USB_Device_WakeUp                           ../LUFA/Drivers/USB/Core/Events.o
                                                  ../LUFA/Drivers/USB/Core/AVR8/USBInterrupt_AVR8.o
Endpoint_ClearEndpoints                           ../LUFA/Drivers/USB/Core/AVR8/Endpoint_AVR8.o
Endpoint_ClearStatusStage                         ../LUFA/Drivers/USB/Core/AVR8/Endpoint_AVR8.o
                                                  ../LUFA/Drivers/USB/Class/Device/MassStorageClassDevice.o
                                                  ../LUFA/Drivers/USB/Class/Device/HIDClassDevice.o
                                                  ../LUFA/Drivers/USB/Class/Device/CDCClassDevice.o
                                                  ../LUFA/Drivers/USB/Class/Device/AudioClassDevice.o
                                                  ../LUFA/Drivers/USB/Core/DeviceStandardReq.o
Endpoint_ConfigureEndpoint_Prv                    ../LUFA/Drivers/USB/Core/AVR8/Endpoint_AVR8.o
                                                  ../LUFA/Drivers/USB/Class/Device/RNDISClassDevice.o
                                                  ../LUFA/Drivers/USB/Class/Device/MIDIClassDevice.o
                                                  ../LUFA/Drivers/USB/Class/Device/MassStorageClassDevice.o
                                                  ../LUFA/Drivers/USB/Class/Device/HIDClassDevice.o
                                                  ../LUFA/Drivers/USB/Class/Device/CDCClassDevice.o
                                                  ../LUFA/Drivers/USB/Class/Device/AudioClassDevice.o
                                                  ../LUFA/Drivers/USB/Core/AVR8/USBInterrupt_AVR8.o
                                                  ../LUFA/Drivers/USB/Core/AVR8/USBController_AVR8.o
Endpoint_Discard_Stream                           ../LUFA/Drivers/USB/Core/AVR8/EndpointStream_AVR8.o
Endpoint_Null_Stream                              ../LUFA/Drivers/USB/Core/AVR8/EndpointStream_AVR8.o
Endpoint_Read_Control_EStream_BE                  ../LUFA/Drivers/USB/Core/AVR8/EndpointStream_AVR8.o
Endpoint_Read_Control_EStream_LE                  ../LUFA/Drivers/USB/Core/AVR8/EndpointStream_AVR8.o
Endpoint_Read_Control_Stream_BE                   ../LUFA/Drivers/USB/Core/AVR8/EndpointStream_AVR8.o
Endpoint_Read_Control_Stream_LE                   ../LUFA/Drivers/USB/Core/AVR8/EndpointStream_AVR8.o
                                                  ../LUFA/Drivers/USB/Class/Device/RNDISClassDevice.o
                                                  ../LUFA/Drivers/USB/Class/Device/HIDClassDevice.o
                                                  ../LUFA/Drivers/USB/Class/Device/AudioClassDevice.o
Endpoint_Read_EStream_BE                          ../LUFA/Drivers/USB/Core/AVR8/EndpointStream_AVR8.o
Endpoint_Read_EStream_LE                          ../LUFA/Drivers/USB/Core/AVR8/EndpointStream_AVR8.o
Endpoint_Read_Stream_BE                           ../LUFA/Drivers/USB/Core/AVR8/EndpointStream_AVR8.o
Endpoint_Read_Stream_LE                           ../LUFA/Drivers/USB/Core/AVR8/EndpointStream_AVR8.o
                                                  ../LUFA/Drivers/USB/Class/Device/RNDISClassDevice.o
                                                  ../LUFA/Drivers/USB/Class/Device/MIDIClassDevice.o
                                                  ../LUFA/Drivers/USB/Class/Device/MassStorageClassDevice.o
Endpoint_WaitUntilReady                           ../LUFA/Drivers/USB/Core/AVR8/Endpoint_AVR8.o
                                                  ../LUFA/Drivers/USB/Class/Device/RNDISClassDevice.o
                                                  ../LUFA/Drivers/USB/Class/Device/MIDIClassDevice.o
                                                  ../LUFA/Drivers/USB/Class/Device/CDCClassDevice.o
                                                  ../LUFA/Drivers/USB/Core/AVR8/EndpointStream_AVR8.o
Endpoint_Write_Control_EStream_BE                 ../LUFA/Drivers/USB/Core/AVR8/EndpointStream_AVR8.o
Endpoint_Write_Control_EStream_LE                 ../LUFA/Drivers/USB/Core/AVR8/EndpointStream_AVR8.o
Endpoint_Write_Control_PStream_BE                 ../LUFA/Drivers/USB/Core/AVR8/EndpointStream_AVR8.o
Endpoint_Write_Control_PStream_LE                 ../LUFA/Drivers/USB/Core/AVR8/EndpointStream_AVR8.o
                                                  ../LUFA/Drivers/USB/Core/DeviceStandardReq.o
Endpoint_Write_Control_Stream_BE                  ../LUFA/Drivers/USB/Core/AVR8/EndpointStream_AVR8.o
Endpoint_Write_Control_Stream_LE                  ../LUFA/Drivers/USB/Core/AVR8/EndpointStream_AVR8.o
                                                  ../LUFA/Drivers/USB/Class/Device/RNDISClassDevice.o
                                                  ../LUFA/Drivers/USB/Class/Device/HIDClassDevice.o
                                                  ../LUFA/Drivers/USB/Class/Device/AudioClassDevice.o
                                                  ../LUFA/Drivers/USB/Core/DeviceStandardReq.o
Endpoint_Write_EStream_BE                         ../LUFA/Drivers/USB/Core/AVR8/EndpointStream_AVR8.o
Endpoint_Write_EStream_LE                         ../LUFA/Drivers/USB/Core/AVR8/EndpointStream_AVR8.o
Endpoint_Write_PStream_BE                         ../LUFA/Drivers/USB/Core/AVR8/EndpointStream_AVR8.o
Endpoint_Write_PStream_LE                         ../LUFA/Drivers/USB/Core/AVR8/EndpointStream_AVR8.o
Endpoint_Write_Stream_BE                          ../LUFA/Drivers/USB/Core/AVR8/EndpointStream_AVR8.o
Endpoint_Write_Stream_LE                          ../LUFA/Drivers/USB/Core/AVR8/EndpointStream_AVR8.o
                                                  ../LUFA/Drivers/USB/Class/Device/RNDISClassDevice.o
                                                  ../LUFA/Drivers/USB/Class/Device/MIDIClassDevice.o
                                                  ../LUFA/Drivers/USB/Class/Device/MassStorageClassDevice.o
                                                  ../LUFA/Drivers/USB/Class/Device/HIDClassDevice.o
                                                  ../LUFA/Drivers/USB/Class/Device/CDCClassDevice.o
HID_Device_ConfigureEndpoints                     ../LUFA/Drivers/USB/Class/Device/HIDClassDevice.o
HID_Device_ProcessControlRequest                  ../LUFA/Drivers/USB/Class/Device/HIDClassDevice.o
HID_Device_USBTask                                ../LUFA/Drivers/USB/Class/Device/HIDClassDevice.o
LanguageString                                    Descriptors.o
MIDI_Device_ConfigureEndpoints                    ../LUFA/Drivers/USB/Class/Device/MIDIClassDevice.o
MIDI_Device_Flush                                 ../LUFA/Drivers/USB/Class/Device/MIDIClassDevice.o
MIDI_Device_ReceiveEventPacket                    ../LUFA/Drivers/USB/Class/Device/MIDIClassDevice.o
MIDI_Device_SendEventPacket                       ../LUFA/Drivers/USB/Class/Device/MIDIClassDevice.o
MIDI_Device_USBTask                               ../LUFA/Drivers/USB/Class/Device/MIDIClassDevice.o
MS_Device_ConfigureEndpoints                      ../LUFA/Drivers/USB/Class/Device/MassStorageClassDevice.o
MS_Device_ProcessControlRequest                   ../LUFA/Drivers/USB/Class/Device/MassStorageClassDevice.o
MS_Device_USBTask                                 ../LUFA/Drivers/USB/Class/Device/MassStorageClassDevice.o
ManufacturerString                                Descriptors.o
ProductString                                     Descriptors.o
RNDIS_Device_ConfigureEndpoints                   ../LUFA/Drivers/USB/Class/Device/RNDISClassDevice.o
RNDIS_Device_IsPacketReceived                     ../LUFA/Drivers/USB/Class/Device/RNDISClassDevice.o
RNDIS_Device_ProcessControlRequest                ../LUFA/Drivers/USB/Class/Device/RNDISClassDevice.o
RNDIS_Device_ReadPacket                           ../LUFA/Drivers/USB/Class/Device/RNDISClassDevice.o
RNDIS_Device_SendPacket                           ../LUFA/Drivers/USB/Class/Device/RNDISClassDevice.o
RNDIS_Device_USBTask                              ../LUFA/Drivers/USB/Class/Device/RNDISClassDevice.o
SetupHardware                                     usbSerial.o
USB_ControlRequest                                ../LUFA/Drivers/USB/Class/Device/RNDISClassDevice.o
                                                  ../LUFA/Drivers/USB/Class/Device/MassStorageClassDevice.o
                                                  ../LUFA/Drivers/USB/Class/Device/HIDClassDevice.o
                                                  ../LUFA/Drivers/USB/Class/Device/CDCClassDevice.o
                                                  ../LUFA/Drivers/USB/Class/Device/AudioClassDevice.o
                                                  ../LUFA/Drivers/USB/Core/USBTask.o
                                                  ../LUFA/Drivers/USB/Core/DeviceStandardReq.o
                                                  ../LUFA/Drivers/USB/Core/AVR8/EndpointStream_AVR8.o
                                                  ../LUFA/Drivers/USB/Core/AVR8/Endpoint_AVR8.o
USB_DeviceState                                   ../LUFA/Drivers/USB/Class/Device/RNDISClassDevice.o
                                                  ../LUFA/Drivers/USB/Class/Device/MIDIClassDevice.o
                                                  ../LUFA/Drivers/USB/Class/Device/MassStorageClassDevice.o
                                                  ../LUFA/Drivers/USB/Class/Device/HIDClassDevice.o
                                                  ../LUFA/Drivers/USB/Class/Device/CDCClassDevice.o
                                                  ../LUFA/Drivers/USB/Core/USBTask.o
                                                  ../LUFA/Drivers/USB/Core/DeviceStandardReq.o
                                                  ../LUFA/Drivers/USB/Core/AVR8/EndpointStream_AVR8.o
                                                  ../LUFA/Drivers/USB/Core/AVR8/USBInterrupt_AVR8.o
                                                  ../LUFA/Drivers/USB/Core/AVR8/USBController_AVR8.o
                                                  ../LUFA/Drivers/USB/Core/AVR8/Endpoint_AVR8.o
USB_Device_ConfigurationNumber                    ../LUFA/Drivers/USB/Core/DeviceStandardReq.o
                                                  ../LUFA/Drivers/USB/Core/AVR8/USBInterrupt_AVR8.o
                                                  ../LUFA/Drivers/USB/Core/AVR8/USBController_AVR8.o
USB_Device_CurrentlySelfPowered                   ../LUFA/Drivers/USB/Core/DeviceStandardReq.o
                                                  ../LUFA/Drivers/USB/Core/AVR8/USBController_AVR8.o
USB_Device_ProcessControlRequest                  ../LUFA/Drivers/USB/Core/DeviceStandardReq.o
                                                  ../LUFA/Drivers/USB/Core/USBTask.o
USB_Device_RemoteWakeupEnabled                    ../LUFA/Drivers/USB/Core/DeviceStandardReq.o
                                                  ../LUFA/Drivers/USB/Core/AVR8/USBController_AVR8.o
USB_Device_SendRemoteWakeup                       ../LUFA/Drivers/USB/Core/AVR8/Device_AVR8.o
USB_Disable                                       ../LUFA/Drivers/USB/Core/AVR8/USBController_AVR8.o
USB_Event_Stub                                    ../LUFA/Drivers/USB/Core/Events.o
USB_GetHIDReportItemInfo                          ../LUFA/Drivers/USB/Class/Common/HIDParser.o
USB_GetHIDReportSize                              ../LUFA/Drivers/USB/Class/Common/HIDParser.o
USB_GetNextDescriptorComp                         ../LUFA/Drivers/USB/Core/ConfigDescriptor.o
USB_GetNextDescriptorOfType                       ../LUFA/Drivers/USB/Core/ConfigDescriptor.o
USB_GetNextDescriptorOfTypeAfter                  ../LUFA/Drivers/USB/Core/ConfigDescriptor.o
USB_GetNextDescriptorOfTypeBefore                 ../LUFA/Drivers/USB/Core/ConfigDescriptor.o
USB_INT_ClearAllInterrupts                        ../LUFA/Drivers/USB/Core/AVR8/USBInterrupt_AVR8.o
                                                  ../LUFA/Drivers/USB/Core/AVR8/USBController_AVR8.o
USB_INT_DisableAllInterrupts                      ../LUFA/Drivers/USB/Core/AVR8/USBInterrupt_AVR8.o
                                                  ../LUFA/Drivers/USB/Core/AVR8/USBController_AVR8.o
USB_Init                                          ../LUFA/Drivers/USB/Core/AVR8/USBController_AVR8.o
                                                  usbSerial.o
USB_IsInitialized                                 ../LUFA/Drivers/USB/Core/USBTask.o
                                                  ../LUFA/Drivers/USB/Core/AVR8/USBController_AVR8.o
USB_ProcessHIDReport                              ../LUFA/Drivers/USB/Class/Common/HIDParser.o
USB_ResetInterface                                ../LUFA/Drivers/USB/Core/AVR8/USBController_AVR8.o
USB_SetHIDReportItemInfo                          ../LUFA/Drivers/USB/Class/Common/HIDParser.o
USB_USBTask                                       ../LUFA/Drivers/USB/Core/USBTask.o
                                                  ../LUFA/Drivers/USB/Class/Device/MassStorageClassDevice.o
                                                  ../LUFA/Drivers/USB/Class/Device/CDCClassDevice.o
                                                  ../LUFA/Drivers/USB/Core/AVR8/EndpointStream_AVR8.o
                                                  usbSerial.o
VirtualSerial_CDC_Interface                       usbSerial.o
__bad_interrupt                                   /usr/lib/gcc/avr/4.7.0/../../../avr/lib/avr5/crtm32u4.o
__bss_end                                         /usr/lib/gcc/avr/4.7.0/avr5/libgcc.a(_clear_bss.o)
__bss_start                                       /usr/lib/gcc/avr/4.7.0/avr5/libgcc.a(_clear_bss.o)
__data_end                                        /usr/lib/gcc/avr/4.7.0/avr5/libgcc.a(_copy_data.o)
__data_load_start                                 /usr/lib/gcc/avr/4.7.0/avr5/libgcc.a(_copy_data.o)
__data_start                                      /usr/lib/gcc/avr/4.7.0/avr5/libgcc.a(_copy_data.o)
__divmodsi4                                       /usr/lib/gcc/avr/4.7.0/avr5/libgcc.a(_divmodsi4.o)
                                                  timer.o
                                                  main.o
__do_clear_bss                                    /usr/lib/gcc/avr/4.7.0/avr5/libgcc.a(_clear_bss.o)
                                                  /usr/lib/gcc/avr/4.7.0/../../../avr/lib/avr5/libc.a(iob.o)
                                                  timer.o
                                                  ../LUFA/Drivers/USB/Core/USBTask.o
                                                  ../LUFA/Drivers/USB/Core/DeviceStandardReq.o
                                                  usbSerial.o
__do_copy_data                                    /usr/lib/gcc/avr/4.7.0/avr5/libgcc.a(_copy_data.o)
                                                  digitalIO.o
                                                  timer.o
                                                  analogIO.o
                                                  main.o
                                                  ../LUFA/Drivers/USB/Class/Device/RNDISClassDevice.o
                                                  ../LUFA/Drivers/USB/Class/Device/CDCClassDevice.o
                                                  usbSerial.o
__eerd_byte_m32u4                                 /usr/lib/gcc/avr/4.7.0/../../../avr/lib/avr5/libc.a(eerd_byte_atmega32u4.o)
                                                  ../LUFA/Drivers/USB/Core/AVR8/EndpointStream_AVR8.o
__eeupd_byte_m32u4                                /usr/lib/gcc/avr/4.7.0/../../../avr/lib/avr5/libc.a(eeupd_byte_atmega32u4.o)
                                                  ../LUFA/Drivers/USB/Core/AVR8/EndpointStream_AVR8.o
__eeupd_r18_m32u4                                 /usr/lib/gcc/avr/4.7.0/../../../avr/lib/avr5/libc.a(eeupd_byte_atmega32u4.o)
__epilogue_restores__                             /usr/lib/gcc/avr/4.7.0/avr5/libgcc.a(_epilogue.o)
                                                  /usr/lib/gcc/avr/4.7.0/../../../avr/lib/avr5/libc.a(vfprintf_std.o)
                                                  /usr/lib/gcc/avr/4.7.0/../../../avr/lib/avr5/libc.a(printf.o)
__heap_end                                        /usr/lib/gcc/avr/4.7.0/../../../avr/lib/avr5/crtm32u4.o
__init                                            /usr/lib/gcc/avr/4.7.0/../../../avr/lib/avr5/crtm32u4.o
__iob                                             /usr/lib/gcc/avr/4.7.0/../../../avr/lib/avr5/libc.a(printf.o)
                                                  /usr/lib/gcc/avr/4.7.0/../../../avr/lib/avr5/libc.a(iob.o)
                                                  usbSerial.o
__prologue_saves__                                /usr/lib/gcc/avr/4.7.0/avr5/libgcc.a(_prologue.o)
                                                  /usr/lib/gcc/avr/4.7.0/../../../avr/lib/avr5/libc.a(vfprintf_std.o)
                                                  /usr/lib/gcc/avr/4.7.0/../../../avr/lib/avr5/libc.a(printf.o)
__stack                                           /usr/lib/gcc/avr/4.7.0/../../../avr/lib/avr5/crtm32u4.o
__udivmodsi4                                      /usr/lib/gcc/avr/4.7.0/avr5/libgcc.a(_udivmodsi4.o)
                                                  /usr/lib/gcc/avr/4.7.0/avr5/libgcc.a(_divmodsi4.o)
__ultoa_invert                                    /usr/lib/gcc/avr/4.7.0/../../../avr/lib/avr5/libc.a(ultoa_invert.o)
                                                  /usr/lib/gcc/avr/4.7.0/../../../avr/lib/avr5/libc.a(vfprintf_std.o)
__umulhisi3                                       /usr/lib/gcc/avr/4.7.0/avr5/libgcc.a(_umulhisi3.o)
                                                  /usr/lib/gcc/avr/4.7.0/avr5/libgcc.a(_usmulhisi3.o)
__usmulhisi3                                      /usr/lib/gcc/avr/4.7.0/avr5/libgcc.a(_usmulhisi3.o)
                                                  main.o
__usmulhisi3_tail                                 /usr/lib/gcc/avr/4.7.0/avr5/libgcc.a(_usmulhisi3.o)
__vector_1                                        /usr/lib/gcc/avr/4.7.0/../../../avr/lib/avr5/crtm32u4.o
__vector_10                                       ../LUFA/Drivers/USB/Core/AVR8/USBInterrupt_AVR8.o
                                                  /usr/lib/gcc/avr/4.7.0/../../../avr/lib/avr5/crtm32u4.o
__vector_11                                       /usr/lib/gcc/avr/4.7.0/../../../avr/lib/avr5/crtm32u4.o
__vector_12                                       /usr/lib/gcc/avr/4.7.0/../../../avr/lib/avr5/crtm32u4.o
__vector_13                                       /usr/lib/gcc/avr/4.7.0/../../../avr/lib/avr5/crtm32u4.o
__vector_14                                       /usr/lib/gcc/avr/4.7.0/../../../avr/lib/avr5/crtm32u4.o
__vector_15                                       /usr/lib/gcc/avr/4.7.0/../../../avr/lib/avr5/crtm32u4.o
__vector_16                                       /usr/lib/gcc/avr/4.7.0/../../../avr/lib/avr5/crtm32u4.o
__vector_17                                       timer.o
                                                  /usr/lib/gcc/avr/4.7.0/../../../avr/lib/avr5/crtm32u4.o
__vector_18                                       /usr/lib/gcc/avr/4.7.0/../../../avr/lib/avr5/crtm32u4.o
__vector_19                                       /usr/lib/gcc/avr/4.7.0/../../../avr/lib/avr5/crtm32u4.o
__vector_2                                        /usr/lib/gcc/avr/4.7.0/../../../avr/lib/avr5/crtm32u4.o
__vector_20                                       /usr/lib/gcc/avr/4.7.0/../../../avr/lib/avr5/crtm32u4.o
__vector_21                                       /usr/lib/gcc/avr/4.7.0/../../../avr/lib/avr5/crtm32u4.o
__vector_22                                       /usr/lib/gcc/avr/4.7.0/../../../avr/lib/avr5/crtm32u4.o
__vector_23                                       /usr/lib/gcc/avr/4.7.0/../../../avr/lib/avr5/crtm32u4.o
__vector_24                                       /usr/lib/gcc/avr/4.7.0/../../../avr/lib/avr5/crtm32u4.o
__vector_25                                       /usr/lib/gcc/avr/4.7.0/../../../avr/lib/avr5/crtm32u4.o
__vector_26                                       /usr/lib/gcc/avr/4.7.0/../../../avr/lib/avr5/crtm32u4.o
__vector_27                                       /usr/lib/gcc/avr/4.7.0/../../../avr/lib/avr5/crtm32u4.o
__vector_28                                       /usr/lib/gcc/avr/4.7.0/../../../avr/lib/avr5/crtm32u4.o
__vector_29                                       /usr/lib/gcc/avr/4.7.0/../../../avr/lib/avr5/crtm32u4.o
__vector_3                                        /usr/lib/gcc/avr/4.7.0/../../../avr/lib/avr5/crtm32u4.o
__vector_30                                       /usr/lib/gcc/avr/4.7.0/../../../avr/lib/avr5/crtm32u4.o
__vector_31                                       /usr/lib/gcc/avr/4.7.0/../../../avr/lib/avr5/crtm32u4.o
__vector_32                                       /usr/lib/gcc/avr/4.7.0/../../../avr/lib/avr5/crtm32u4.o
__vector_33                                       /usr/lib/gcc/avr/4.7.0/../../../avr/lib/avr5/crtm32u4.o
__vector_34                                       /usr/lib/gcc/avr/4.7.0/../../../avr/lib/avr5/crtm32u4.o
__vector_35                                       /usr/lib/gcc/avr/4.7.0/../../../avr/lib/avr5/crtm32u4.o
__vector_36                                       /usr/lib/gcc/avr/4.7.0/../../../avr/lib/avr5/crtm32u4.o
__vector_37                                       /usr/lib/gcc/avr/4.7.0/../../../avr/lib/avr5/crtm32u4.o
__vector_38                                       /usr/lib/gcc/avr/4.7.0/../../../avr/lib/avr5/crtm32u4.o
__vector_39                                       /usr/lib/gcc/avr/4.7.0/../../../avr/lib/avr5/crtm32u4.o
__vector_4                                        /usr/lib/gcc/avr/4.7.0/../../../avr/lib/avr5/crtm32u4.o
__vector_40                                       /usr/lib/gcc/avr/4.7.0/../../../avr/lib/avr5/crtm32u4.o
__vector_41                                       /usr/lib/gcc/avr/4.7.0/../../../avr/lib/avr5/crtm32u4.o
__vector_42                                       /usr/lib/gcc/avr/4.7.0/../../../avr/lib/avr5/crtm32u4.o
__vector_5                                        /usr/lib/gcc/avr/4.7.0/../../../avr/lib/avr5/crtm32u4.o
__vector_6                                        /usr/lib/gcc/avr/4.7.0/../../../avr/lib/avr5/crtm32u4.o
__vector_7                                        /usr/lib/gcc/avr/4.7.0/../../../avr/lib/avr5/crtm32u4.o
__vector_8                                        /usr/lib/gcc/avr/4.7.0/../../../avr/lib/avr5/crtm32u4.o
__vector_9                                        /usr/lib/gcc/avr/4.7.0/../../../avr/lib/avr5/crtm32u4.o
__vector_default                                  /usr/lib/gcc/avr/4.7.0/../../../avr/lib/avr5/crtm32u4.o
__vectors                                         /usr/lib/gcc/avr/4.7.0/../../../avr/lib/avr5/crtm32u4.o
_exit                                             /usr/lib/gcc/avr/4.7.0/avr5/libgcc.a(_exit.o)
analogRead(short)                                 analogIO.o
analogSetup()                                     analogIO.o
                                                  main.o
convert()                                         analogIO.o
                                                  main.o
ddrs                                              digitalIO.o
delayMillis(unsigned int)                         timer.o
                                                  main.o
digitalRead(char)                                 digitalIO.o
digitalWrite(char, char)                          digitalIO.o
                                                  main.o
exit                                              /usr/lib/gcc/avr/4.7.0/avr5/libgcc.a(_exit.o)
                                                  /usr/lib/gcc/avr/4.7.0/../../../avr/lib/avr5/crtm32u4.o
fputc                                             /usr/lib/gcc/avr/4.7.0/../../../avr/lib/avr5/libc.a(fputc.o)
                                                  /usr/lib/gcc/avr/4.7.0/../../../avr/lib/avr5/libc.a(vfprintf_std.o)
getDDR(int)                                       digitalIO.o
getPIN(int)                                       digitalIO.o
getPORT(int)                                      digitalIO.o
getPin(short)                                     analogIO.o
halfMillis                                        timer.o
initRTC()                                         timer.o
                                                  main.o
initUSBSerial                                     usbSerial.o
                                                  main.o
ins                                               digitalIO.o
main                                              main.o
                                                  /usr/lib/gcc/avr/4.7.0/../../../avr/lib/avr5/crtm32u4.o
memcmp                                            /usr/lib/gcc/avr/4.7.0/../../../avr/lib/avr5/libc.a(memcmp.o)
                                                  ../LUFA/Drivers/USB/Class/Device/HIDClassDevice.o
memcpy                                            /usr/lib/gcc/avr/4.7.0/../../../avr/lib/avr5/libc.a(memcpy.o)
                                                  ../LUFA/Drivers/USB/Class/Device/RNDISClassDevice.o
                                                  ../LUFA/Drivers/USB/Class/Device/HIDClassDevice.o
memcpy_P                                          /usr/lib/gcc/avr/4.7.0/../../../avr/lib/avr5/libc.a(memcpy_P.o)
                                                  ../LUFA/Drivers/USB/Class/Device/RNDISClassDevice.o
memset                                            /usr/lib/gcc/avr/4.7.0/../../../avr/lib/avr5/libc.a(memset.o)
                                                  ../LUFA/Drivers/USB/Class/Device/HIDClassDevice.o
millis()                                          timer.o
outs                                              digitalIO.o
overflows1                                        timer.o
overflows2                                        timer.o
printf                                            /usr/lib/gcc/avr/4.7.0/../../../avr/lib/avr5/libc.a(printf.o)
                                                  main.o
runTasks()                                        timer.o
runUSB                                            usbSerial.o
                                                  timer.o
seconds()                                         timer.o
setDirection(char, char)                          digitalIO.o
                                                  main.o
setPin(short)                                     analogIO.o
                                                  main.o
setRef(short)                                     analogIO.o
setRefExternal()                                  analogIO.o
setRefInternal()                                  analogIO.o
setRefVCC()                                       analogIO.o
                                                  main.o
setThermo()                                       analogIO.o
strnlen                                           /usr/lib/gcc/avr/4.7.0/../../../avr/lib/avr5/libc.a(strnlen.o)
                                                  /usr/lib/gcc/avr/4.7.0/../../../avr/lib/avr5/libc.a(vfprintf_std.o)
strnlen_P                                         /usr/lib/gcc/avr/4.7.0/../../../avr/lib/avr5/libc.a(strnlen_P.o)
                                                  /usr/lib/gcc/avr/4.7.0/../../../avr/lib/avr5/libc.a(vfprintf_std.o)
vfprintf                                          /usr/lib/gcc/avr/4.7.0/../../../avr/lib/avr5/libc.a(vfprintf_std.o)
                                                  /usr/lib/gcc/avr/4.7.0/../../../avr/lib/avr5/libc.a(printf.o)
